// Jest Snapshot v1, https://goo.gl/fbAQLP

exports[`My Test Suite My Test Case 1`] = `<navBar />`;
